stm32f1xx_hal_msp.c:66:6:HAL_MspInit	16	static
stm32f1xx_hal_msp.c:94:6:HAL_ADC_MspInit	32	static
stm32f1xx_hal_msp.c:126:6:HAL_ADC_MspDeInit	0	static
stm32f1xx_hal_msp.c:154:6:HAL_TIM_Base_MspInit	40	static
stm32f1xx_hal_msp.c:201:6:HAL_TIM_Encoder_MspInit	64	static
stm32f1xx_hal_msp.c:303:6:HAL_TIM_MspPostInit	32	static
stm32f1xx_hal_msp.c:335:6:HAL_TIM_Base_MspDeInit	0	static
stm32f1xx_hal_msp.c:377:6:HAL_TIM_Encoder_MspDeInit	8	static
stm32f1xx_hal_msp.c:462:6:HAL_UART_MspInit	32	static
stm32f1xx_hal_msp.c:506:6:HAL_UART_MspDeInit	8	static
