stm32f1xx_hal_msp.c:66:6:HAL_MspInit	16	static
stm32f1xx_hal_msp.c:94:6:HAL_ADC_MspInit	40	static
stm32f1xx_hal_msp.c:146:6:HAL_ADC_MspDeInit	0	static
stm32f1xx_hal_msp.c:191:6:HAL_TIM_Base_MspInit	40	static
stm32f1xx_hal_msp.c:238:6:HAL_TIM_IC_MspInit	32	static
stm32f1xx_hal_msp.c:276:6:HAL_TIM_Encoder_MspInit	48	static
stm32f1xx_hal_msp.c:348:6:HAL_TIM_MspPostInit	32	static
stm32f1xx_hal_msp.c:380:6:HAL_TIM_Base_MspDeInit	0	static
stm32f1xx_hal_msp.c:422:6:HAL_TIM_IC_MspDeInit	8	static
stm32f1xx_hal_msp.c:452:6:HAL_TIM_Encoder_MspDeInit	0	static
stm32f1xx_hal_msp.c:517:6:HAL_UART_MspInit	32	static
stm32f1xx_hal_msp.c:561:6:HAL_UART_MspDeInit	8	static
