12:14:26 **** Incremental Build of configuration Debug for project MDP8 ****
make -j12 all 
arm-none-eabi-gcc "../Core/Src/main.c" -mcpu=cortex-m3 -std=gnu11 -g3 -DDEBUG -DUSE_HAL_DRIVER -DSTM32F100xE -c -I../Core/Inc -I../Drivers/STM32F1xx_HAL_Driver/Inc -I../Drivers/STM32F1xx_HAL_Driver/Inc/Legacy -I../Drivers/CMSIS/Device/ST/STM32F1xx/Include -I../Drivers/CMSIS/Include -I../Middlewares/Third_Party/FreeRTOS/Source/include -I../Middlewares/Third_Party/FreeRTOS/Source/CMSIS_RTOS_V2 -I../Middlewares/Third_Party/FreeRTOS/Source/portable/GCC/ARM_CM3 -O0 -ffunction-sections -fdata-sections -Wall -fstack-usage -MMD -MP -MF"Core/Src/main.d" -MT"Core/Src/main.o" --specs=nano.specs -mfloat-abi=soft -mthumb -o "Core/Src/main.o"
../Core/Src/main.c: In function 'StartDefaultTask':
../Core/Src/main.c:536:4: warning: implicit declaration of function 'sprintf' [-Wimplicit-function-declaration]
  536 |    sprintf(hello, "%s\0", aRxBuffer);
      |    ^~~~~~~
../Core/Src/main.c:536:4: warning: incompatible implicit declaration of built-in function 'sprintf'
../Core/Src/main.c:24:1: note: include '<stdio.h>' or provide a declaration of 'sprintf'
   23 | #include "oled.h"
  +++ |+#include <stdio.h>
   24 | 
../Core/Src/main.c:536:12: warning: pointer targets in passing argument 1 of 'sprintf' differ in signedness [-Wpointer-sign]
  536 |    sprintf(hello, "%s\0", aRxBuffer);
      |            ^~~~~
      |            |
      |            uint8_t * {aka unsigned char *}
../Core/Src/main.c:536:12: note: expected 'char *' but argument is of type 'uint8_t *' {aka 'unsigned char *'}
../Core/Src/main.c:536:22: warning: embedded '\0' in format [-Wformat-contains-nul]
  536 |    sprintf(hello, "%s\0", aRxBuffer);
      |                      ^~
../Core/Src/main.c:537:8: warning: implicit declaration of function 'atoi' [-Wimplicit-function-declaration]
  537 |    x = atoi(hello);
      |        ^~~~
../Core/Src/main.c:541:28: warning: pointer targets in passing argument 3 of 'OLED_ShowString' differ in signedness [-Wpointer-sign]
  541 |     OLED_ShowString(10,40, "forward\0");
      |                            ^~~~~~~~~~~
      |                            |
      |                            char *
In file included from ../Core/Src/main.c:23:
../Core/Inc/oled.h:49:57: note: expected 'const uint8_t *' {aka 'const unsigned char *'} but argument is of type 'char *'
   49 | void OLED_ShowString(uint8_t x,uint8_t y,const uint8_t *p);
      |                                          ~~~~~~~~~~~~~~~^
../Core/Src/main.c:529:10: warning: unused variable 'command' [-Wunused-variable]
  529 |  uint8_t command[20] = "stationary\0";
      |          ^~~~~~~
../Core/Src/main.c: In function 'motor':
../Core/Src/main.c:607:5: warning: incompatible implicit declaration of built-in function 'sprintf'
  607 |     sprintf(hello, "%s\0", aRxBuffer);
      |     ^~~~~~~
../Core/Src/main.c:607:5: note: include '<stdio.h>' or provide a declaration of 'sprintf'
../Core/Src/main.c:607:13: warning: pointer targets in passing argument 1 of 'sprintf' differ in signedness [-Wpointer-sign]
  607 |     sprintf(hello, "%s\0", aRxBuffer);
      |             ^~~~~
      |             |
      |             uint8_t * {aka unsigned char *}
../Core/Src/main.c:607:13: note: expected 'char *' but argument is of type 'uint8_t *' {aka 'unsigned char *'}
../Core/Src/main.c:607:23: warning: embedded '\0' in format [-Wformat-contains-nul]
  607 |     sprintf(hello, "%s\0", aRxBuffer);
      |                       ^~
../Core/Src/main.c: In function 'encoder':
../Core/Src/main.c:696:5: warning: incompatible implicit declaration of built-in function 'sprintf'
  696 |     sprintf(hello, "Speed:%5d\0", diff);
      |     ^~~~~~~
../Core/Src/main.c:696:5: note: include '<stdio.h>' or provide a declaration of 'sprintf'
../Core/Src/main.c:696:13: warning: pointer targets in passing argument 1 of 'sprintf' differ in signedness [-Wpointer-sign]
  696 |     sprintf(hello, "Speed:%5d\0", diff);
      |             ^~~~~
      |             |
      |             uint8_t * {aka unsigned char *}
../Core/Src/main.c:696:13: note: expected 'char *' but argument is of type 'uint8_t *' {aka 'unsigned char *'}
../Core/Src/main.c:696:30: warning: embedded '\0' in format [-Wformat-contains-nul]
  696 |     sprintf(hello, "Speed:%5d\0", diff);
      |                              ^~
../Core/Src/main.c:699:13: warning: pointer targets in passing argument 1 of 'sprintf' differ in signedness [-Wpointer-sign]
  699 |     sprintf(hello, "Dir:%5d\0", dir);
      |             ^~~~~
      |             |
      |             uint8_t * {aka unsigned char *}
../Core/Src/main.c:699:13: note: expected 'char *' but argument is of type 'uint8_t *' {aka 'unsigned char *'}
../Core/Src/main.c:699:28: warning: embedded '\0' in format [-Wformat-contains-nul]
  699 |     sprintf(hello, "Dir:%5d\0", dir);
      |                            ^~
arm-none-eabi-gcc -o "MDP8.elf" @"objects.list"   -mcpu=cortex-m3 -T"C:\Users\CHOCKALINGAM KASI\STM32CubeIDE\workspace_1.7.0\MDP8\STM32F100VETX_FLASH.ld" --specs=nosys.specs -Wl,-Map="MDP8.map" -Wl,--gc-sections -static --specs=nano.specs -mfloat-abi=soft -mthumb -Wl,--start-group -lc -lm -Wl,--end-group
Finished building target: MDP8.elf
 
arm-none-eabi-size   MDP8.elf 
arm-none-eabi-objdump -h -S  MDP8.elf  > "MDP8.list"
arm-none-eabi-objcopy  -O binary  MDP8.elf  "MDP8.bin"
   text	   data	    bss	    dec	    hex	filename
  32996	    124	   9412	  42532	   a624	MDP8.elf
Finished building: default.size.stdout
 
Finished building: MDP8.bin
 
Finished building: MDP8.list
 

12:14:28 Build Finished. 0 errors, 15 warnings. (took 1s.716ms)

